---
source: crates/runie-provider/tests/minimax_replay.rs
expression: events
---
[
    ThinkingStart {
        id: "reasoning",
    },
    ThinkingDelta(
        "The user wants me to list project",
    ),
    ThinkingDelta(
        " files and then read the README.md file. I've already listed the directory. Now I need to read the README.md file.",
    ),
    ToolCallStart {
        id: "call_def456",
        name: "read_file",
    },
    ToolCallInputDelta {
        id: "call_def456",
        delta: "{\"path\": \"README.md\"}",
    },
    ToolCallEnd {
        id: "call_def456",
    },
    ThinkingEnd {
        id: "reasoning",
    },
    Finish {
        reason: Stop,
    },
    Finish {
        reason: Stop,
    },
]
