---
source: crates/runie-provider/tests/minimax_replay.rs
expression: events
---
[
    ThinkingStart {
        id: "reasoning",
    },
    ThinkingDelta(
        "\nThe user wants me to read the README.md file. Let me do that.\n",
    ),
    TextStart {
        id: "text",
    },
    TextDelta(
        "\n\n\n",
    ),
    ToolCallStart {
        id: "content_tool_0",
        name: "read_file",
    },
    ToolCallInputDelta {
        id: "content_tool_0",
        delta: "{\"path\":\"README.md\"}",
    },
    ToolCallEnd {
        id: "content_tool_0",
    },
    TextEnd {
        id: "text",
    },
    ThinkingEnd {
        id: "reasoning",
    },
    Finish {
        reason: Stop,
    },
    Finish {
        reason: Stop,
    },
]
