---
source: crates/runie-provider/tests/minimax_replay.rs
expression: events
---
[
    TextStart {
        id: "text",
    },
    TextDelta(
        "<think>\nThe user wants me to list project",
    ),
    ThinkingStart {
        id: "reasoning",
    },
    ThinkingDelta(
        "The user wants me to list project",
    ),
    TextDelta(
        " files and then read the README.md file. I've already listed the directory. Now I need to read the README.md file.",
    ),
    ThinkingDelta(
        " files and then read the README.md file. I've already listed the directory. Now I need to read the README.md file.",
    ),
    TextDelta(
        "\n</think>\n\n]<]minimax[>[<tool_call>\n]<]minimax[>[<invoke name=\"read_file\">]<]minimax[>[<path>README.md]<]minimax[>[</path>]<]minimax[>[</invoke>\n]<]minimax[>[</tool_call>",
    ),
    TextDelta(
        "",
    ),
    TextEnd {
        id: "text",
    },
    ThinkingEnd {
        id: "reasoning",
    },
    Finish {
        reason: Stop,
    },
    TextStart {
        id: "text",
    },
    TextDelta(
        "",
    ),
    TextEnd {
        id: "text",
    },
    Finish {
        reason: Stop,
    },
]
