---
source: crates/runie-provider/tests/minimax_replay.rs
expression: events
---
[
    ThinkingStart {
        id: "reasoning",
    },
    ThinkingDelta(
        "The user wants to list files in the",
    ),
    ThinkingDelta(
        " current directory. I'll use the list_dir tool.",
    ),
    ThinkingDelta(
        "\nThe user wants to list files in the current directory. I'll use the list_dir tool.\n",
    ),
    TextStart {
        id: "text",
    },
    TextDelta(
        "\n\n",
    ),
    ToolCallStart {
        id: "content_tool_0",
        name: "list_dir",
    },
    ToolCallInputDelta {
        id: "content_tool_0",
        delta: "{\"path\":\".\"}",
    },
    ToolCallEnd {
        id: "content_tool_0",
    },
    TextEnd {
        id: "text",
    },
    ThinkingEnd {
        id: "reasoning",
    },
    Finish {
        reason: Stop,
    },
    Finish {
        reason: Stop,
    },
]
