---
source: crates/runie-provider/tests/minimax_replay.rs
expression: events
---
[
    TextDelta(
        "<think>\nThe user is",
    ),
    ThinkingDelta(
        "The user is",
    ),
    TextDelta(
        " asking me to read a file and quote its exact contents. I should use the read_file tool to do this. However, I notice the user mentioned a tool name \"read_file\" - I should use the correct tool name from my available tools",
    ),
    ThinkingDelta(
        " asking me to read a file and quote its exact contents. I should use the read_file tool to do this. However, I notice the user mentioned a tool name \"read_file\" - I should use the correct tool name from my available tools",
    ),
    TextDelta(
        ". Looking at my tools, I have \"read_file\" available.\n\nLet me read the file.",
    ),
    ThinkingDelta(
        ". Looking at my tools, I have \"read_file\" available.\n\nLet me read the file.",
    ),
    TextDelta(
        "\n</think>\n\n{\"name\": \"read_file\", \"arguments\": {\"path\": \"/tmp/runie_minimax_notes_99892.txt\"}}",
    ),
    TextDelta(
        "",
    ),
    Finish {
        reason: Stop,
    },
]
