---
source: crates/runie-tui/src/components/message_list/snapshots.rs
expression: rendered
---
                                                                                
 ❯ Hello                                                                        
                                                                                
                                                                                
 Hi there!                                                                      
                                                                                
                                                                                
 ❯ How are you?                                                                 
                                                                                
                                                                                
 I'm good, thanks!                                                              
                                                                                
                                                                                
 ❯ What's for lunch?                                                            
                                                                                
                                                                                
 How about pizza?
