---
source: crates/runie-tui/src/components/message_list/snapshots.rs
expression: rendered
---
                                                                                
   ❯ Hello                                                           4:38 AM    
                                                                                
                                                                                
                                                                                
   ◆ Thought for 0.5s                                                           
   Thinking...▊                                                               ▊
