---
source: crates/runie-tui/src/components/message_list/snapshots.rs
expression: rendered
---
                                                                                
 ❯ Hello                                                                        
                                                                                
                                                                                
 Hi!                                                                            
                                                                                
 · Using model: gpt-4o-mini
