---
source: crates/runie-tui/src/components/message_list/snapshots.rs
expression: rendered
---
                                                                                
   ❯ Hello                                                           4:38 AM    
                                                                                
                                                                                
                                                                                
   Hi there!                                                                    
                                                                                
                                                                                
                                                                                
   ❯ How are you?                                                    4:38 AM    
                                                                                
                                                                                
                                                                                
   I'm good, thanks!                                                            
                                                                                
                                                                                
                                                                                
   ❯ What's for lunch?                                               4:38 AM    
                                                                                
                                                                                
                                                                                
   How about pizza?
