---
source: crates/runie-tui/src/components/message_list/snapshots.rs
expression: rendered
---
                                                                                
 ❯ Show me the files                                                            
                                                                                
                                                                                
 Here are the files in your directory:
