---
source: crates/runie-tui/src/components/message_list/snapshots.rs
expression: rendered
---
  ❯ Hello                                                                       
                                                                                
  Hi!                                                                           
                                                                                
  · openai/gpt-4o
