---
source: crates/runie-tui/src/components/message_list/snapshots.rs
expression: rendered
---
                                                                                
 ❯ Hello                                                                        
                                                                                
                                                                                
 ◆ Thought for 0.2s                                                             
 Hey you too!
