---
source: crates/runie-tui/src/components/message_list/snapshots.rs
expression: rendered
---
                                                                                                                        
 ❯ Hello                                                                                                                
                                                                                                                        
  ────────────────────────────────────────────────────────────────────────────────────────────────────────────────────  
 Hi there! How can I help you today?
