---
source: crates/runie-tui/src/components/message_list/snapshots.rs
expression: rendered
---
                                                                                
   ❯ Delete the file                                                 4:38 AM    
                                                                                
                                                                                
                                                                                
◆ bash rm important.txt                                                         
   I couldn't delete the file.
