---
source: crates/runie-tui/src/components/message_list/snapshots.rs
expression: rendered
---
                                                                                
 ❯ Delete the file                                                              
                                                                                
  ────────────────────────────────────────────────────────────────────────────  
 I couldn't delete the file.                                                    
  ────────────────────────────────────────────────────────────────────────────  
 · Tool execution failed: permission denied
