---
source: crates/runie-tui/src/components/message_list/snapshots.rs
expression: rendered
---
  › Tell me everything about something very       
  long that takes up multiple lines when          
  rendered                                        
  This is a very long response that should wrap   
  correctly when the terminal is narrow. It       
  contains multiple sentences and should          
  demonstrate proper text wrapping behavior at    
  different terminal widths.
