---
source: crates/runie-tui/tests/visual_snapshots.rs
expression: screen
---
                                        
   main ~/Code/GitHub/runie-tests/run  
     ❯ resize                           
  ┃  A response that wraps at the narr  
  ow viewport.                          
       Worked for 0.0s                  
  ╭──────────────────────────────────╮  
  │ ❯ Type your message...           │  
  ╰──────────────── Grok 4.5 (high) ─╯  
                                        
  Enter:send  │  Shift+Tab:mode  │  Ct
