---
source: crates/runie-tui/tests/visual_snapshots.rs
expression: screen
---
                                        
   main ~/Code/GitHub/runie-tests/run  
     line three                         
     line four                          
     line five                          
     line six                           
  ╭──────────────────────────────────╮  
  │ ❯ Type your message...           │  
  ╰──────────────── Grok 4.5 (high) ─╯  
                                        
  Enter:send  │  Shift+Tab:mode  │  Ct
